// Jest Snapshot v1, https://goo.gl/fbAQLP

exports[`Header component - Snapshot 1`] = `
"
<header class=\\"header\\">
  <h1>
    todos
  </h1>
  <input class=\\"new-todo\\"
         placeholder=\\"What needs to be done?\\"
         value
  >
</header>
"
`;

exports[`Header component - Snapshot 2`] = `
<header
  className="header"
>
  <h1>
    todos
  </h1>
  <input
    className="new-todo"
    onChange={[Function]}
    onKeyDown={[Function]}
    placeholder="What needs to be done?"
    value=""
  />
</header>
`;
